<html>
<body>
<pre>
<h1>µVision Build Log</h1>
<h2>Tool Versions:</h2>
IDE-Version: µVision V5.38.0.0
Copyright (C) 2022 ARM Ltd and ARM Germany GmbH. All rights reserved.
License Information: Souleymane Dembele
University of Washington
User-based license: Keil MDK Community
Valid until: May 31 2033. Cached until: Dec 21 2023
 
Tool Versions:
Toolchain:       Keil MDK Community  Version: 5.38.0.0
Toolchain Path:  C:\Keil_v5\ARM\ARMCLANG\Bin
C Compiler:      ArmClang.exe V6.19
Assembler:       Armasm.exe V6.19
Linker/Locator:  ArmLink.exe V6.19
Library Manager: ArmAr.exe V6.19
Hex Converter:   FromElf.exe V6.19
CPU DLL:         SARMCM3.DLL V5.38.0.0
Dialog DLL:      DCM.DLL V1.17.5.0
Target DLL:      lmidk-agdi.dll V???
Dialog DLL:      TCM.DLL V1.56.4.0
 
<h2>Project:</h2>
C:\Users\SoulAndAnyaPC\Documents\Projects\TCES_430\Multifunctional-Digital-Clock\Multifunctional-Digital-Clock.uvprojx
Project File Date:  12/15/2023

<h2>Output:</h2>
*** Using Compiler 'V6.19', folder: 'C:\Keil_v5\ARM\ARMCLANG\Bin'
Build target 'TM4C123GH6PM'
main.c(8): warning: // comments are not allowed in this language [-Wcomment]
// U0Rx (VCP receive) connected to PA0
^
main.c(11): warning: In file included from...
./PLL.h(1): warning: // comments are not allowed in this language [-Wcomment]
// PLL.h
^
main.c(13): warning: In file included from...
./uart.h(46): warning: // comments are not allowed in this language [-Wcomment]
#define NVIC_EN0_INT5 0x00000020 // Interrupt 5 enable
                                 ^
main.c(14): warning: In file included from...
./dfplayer_lib.h(34): warning: commas at the end of enumerator lists are a C99-specific feature [-Wc99-extensions]
  Base = 0x05,
             ^
./dfplayer_lib.h(41): warning: commas at the end of enumerator lists are a C99-specific feature [-Wc99-extensions]
  Shuffle = 0x03,
                ^
./dfplayer_lib.h(49): warning: commas at the end of enumerator lists are a C99-specific feature [-Wc99-extensions]
  FLASH_SR = 0x04,
                 ^
main.c(15): warning: In file included from...
./rtc.h(24): warning: // comments are not allowed in this language [-Wcomment]
#define SYSCTL_RCGCHIB_R0       0x00000001  // Hibernation Module Run Mode
                                            ^
main.c(16): warning: In file included from...
./timer.h(12): warning: // comments are not allowed in this language [-Wcomment]
//#include "tm4c123gh6pm.h"
^
./timer.h(28): warning: no previous extern declaration for non-static variable 'seconds' [-Wmissing-variable-declarations]
volatile uint32_t seconds = 0;
                  ^
./timer.h(28): note: declare 'static' if the variable is not intended to be used outside of this translation unit
volatile uint32_t seconds = 0;
         ^
main.c(17): warning: non-portable path to file '"SSD1306.h"'; specified path differs in case from file name on disk [-Wnonportable-include-path]
#include "ssd1306.h"
         ^~~~~~~~~~~
         "SSD1306.h"
main.c(17): warning: In file included from...
./ssd1306.h(11): warning: In file included from...
./i2c.h(10): warning: no newline at end of file [-Wnewline-eof]
#endif /* I2C0_H_ */
                    ^
main.c(17): warning: In file included from...
./ssd1306.h(19): warning: // comments are not allowed in this language [-Wcomment]
#define SSD1306_I2C_ADDR 0x3C // 0B011110+SA0+RW - 0x3C or 0x3D
                              ^
./ssd1306.h(48): warning: no newline at end of file [-Wnewline-eof]
#endif /* SSD1306_H_ */
                       ^
main.c(18): warning: In file included from...
./horse_anim.h(11): warning: no previous extern declaration for non-static variable 'horse1' [-Wmissing-variable-declarations]
const unsigned char horse1 [] = {
                    ^
./horse_anim.h(11): note: declare 'static' if the variable is not intended to be used outside of this translation unit
const unsigned char horse1 [] = {
      ^
./horse_anim.h(79): warning: no previous extern declaration for non-static variable 'horse2' [-Wmissing-variable-declarations]
const unsigned char horse2 [] = {
                    ^
./horse_anim.h(79): note: declare 'static' if the variable is not intended to be used outside of this translation unit
const unsigned char horse2 [] = {
      ^
./horse_anim.h(146): warning: no previous extern declaration for non-static variable 'horse3' [-Wmissing-variable-declarations]
const unsigned char horse3 [] = {
                    ^
./horse_anim.h(146): note: declare 'static' if the variable is not intended to be used outside of this translation unit
const unsigned char horse3 [] = {
      ^
./horse_anim.h(213): warning: no previous extern declaration for non-static variable 'horse4' [-Wmissing-variable-declarations]
const unsigned char horse4 [] = {
                    ^
./horse_anim.h(213): note: declare 'static' if the variable is not intended to be used outside of this translation unit
const unsigned char horse4 [] = {
      ^
./horse_anim.h(280): warning: no previous extern declaration for non-static variable 'horse5' [-Wmissing-variable-declarations]
const unsigned char horse5 [] = {
                    ^
./horse_anim.h(280): note: declare 'static' if the variable is not intended to be used outside of this translation unit
const unsigned char horse5 [] = {
      ^
./horse_anim.h(347): warning: no previous extern declaration for non-static variable 'horse6' [-Wmissing-variable-declarations]
const unsigned char horse6 [] = {
                    ^
./horse_anim.h(347): note: declare 'static' if the variable is not intended to be used outside of this translation unit
const unsigned char horse6 [] = {
      ^
./horse_anim.h(415): warning: no previous extern declaration for non-static variable 'horse7' [-Wmissing-variable-declarations]
const unsigned char horse7 [] = {
                    ^
./horse_anim.h(415): note: declare 'static' if the variable is not intended to be used outside of this translation unit
const unsigned char horse7 [] = {
      ^
./horse_anim.h(483): warning: no previous extern declaration for non-static variable 'horse8' [-Wmissing-variable-declarations]
const unsigned char horse8 [] = {
                    ^
./horse_anim.h(483): note: declare 'static' if the variable is not intended to be used outside of this translation unit
const unsigned char horse8 [] = {
      ^
./horse_anim.h(551): warning: no previous extern declaration for non-static variable 'horse9' [-Wmissing-variable-declarations]
const unsigned char horse9 [] = {
                    ^
./horse_anim.h(551): note: declare 'static' if the variable is not intended to be used outside of this translation unit
const unsigned char horse9 [] = {
      ^
./horse_anim.h(619): warning: no previous extern declaration for non-static variable 'horse10' [-Wmissing-variable-declarations]
const unsigned char horse10 [] = {
                    ^
./horse_anim.h(619): note: declare 'static' if the variable is not intended to be used outside of this translation unit
const unsigned char horse10 [] = {
      ^
./horse_anim.h(688): warning: no newline at end of file [-Wnewline-eof]
#endif /* HORSE_ANIM_H_ */
                          ^
main.c(23): warning: no previous prototype for function 'OutCRLF' [-Wmissing-prototypes]
void OutCRLF(void)
     ^
main.c(23): note: declare 'static' if the function is not intended to be used outside of this translation unit
void OutCRLF(void)
^
static 
main.c(32): warning: no previous extern declaration for non-static variable 'timeElapse' [-Wmissing-variable-declarations]
uint32_t timeElapse = 0; // global variable to keep track of time elapsed in main loop cycle (1ms)
         ^
main.c(32): note: declare 'static' if the variable is not intended to be used outside of this translation unit
uint32_t timeElapse = 0; // global variable to keep track of time elapsed in main loop cycle (1ms)
^
main.c(36): warning: mixing declarations and code is a C99 extension [-Wdeclaration-after-statement]
  int i;
      ^
main.c(33): warning: no previous prototype for function 'timer0A_delayMs' [-Wmissing-prototypes]
void timer0A_delayMs(int ttime)
     ^
main.c(33): note: declare 'static' if the function is not intended to be used outside of this translation unit
void timer0A_delayMs(int ttime)
^
static 
main.c(15): warning: In file included from...
./rtc.h(39): warning: padding size of 'DateTime' with 3 bytes to alignment boundary [-Wpadded]
typedef struct {
        ^
main.c(93): warning: variable declaration in for loop is a C99-specific feature [-Wc99-extensions]
  for (int j = 0; j < 4; j++)
       ^
main.c(93): warning: GCC does not allow variable declarations in for loop initializers before C99 [-Wgcc-compat]
main.c(102): warning: implicit declaration of function 'EnableInterrupts' [-Wimplicit-function-declaration]
  EnableInterrupts();
  ^
main.c(57): warning: mixing declarations and code is a C99 extension [-Wdeclaration-after-statement]
  DateTime dt;
           ^
main.c(52): warning: unused variable 'i' [-Wunused-variable]
  char i;
       ^
main.c(53): warning: unused variable 'string' [-Wunused-variable]
  char string[20]; // global to assist in debugging
       ^
main.c(54): warning: unused variable 'n' [-Wunused-variable]
  uint32_t n;
           ^
main.c(271): warning: implicitly declaring library function 'sprintf' with type 'int (char *, const char *, ...)' [-Wimplicit-function-declaration]
  sprintf(date_str, "%02d-%02d-%04d", current_date.month, current_date.day, current_date.year);
  ^
main.c(271): note: include the header <stdio.h> or explicitly provide a declaration for 'sprintf'
main.c(289): warning: no newline at end of file [-Wnewline-eof]
}
 ^
main.c(270): warning: mixing declarations and code is a C99 extension [-Wdeclaration-after-statement]
  char date_str[11]; // Format: "MM-DD-YYYY"
       ^
main.c(266): warning: unused variable 'current_time' [-Wunused-variable]
  uint32_t current_time = rtc_get();
           ^
main.c(275): warning: 'sprintf' will always overflow; destination buffer has size 11, but format string expands to at least 12 [-Wfortify-source]
  sprintf(time_str, "%02d:%02d:%02d %cM", current_date.hour, current_date.minute, current_date.second, current_date.am_pm);
  ^
41 warnings generated.
compiling main.c...
linking...
Program Size: Code=13452 RO-data=13568 RW-data=0 ZI-data=1688  
".\Objects\Multifunctional-Digital-Clock.axf" - 0 Error(s), 41 Warning(s).

<h2>Software Packages used:</h2>

Package Vendor: ARM
                http://www.keil.com/pack/ARM.CMSIS.5.9.0.pack
                ARM.CMSIS.5.9.0
                CMSIS (Common Microcontroller Software Interface Standard)
   * Component: CORE Version: 5.6.0

Package Vendor: Keil
                http://www.keil.com/pack/Keil.TM4C_DFP.1.1.0.pack
                Keil.TM4C_DFP.1.1.0
                Texas Instruments Tiva C Series Device Support and Examples
   * Component: Startup Version: 1.0.1

<h2>Collection of Component include folders:</h2>
  ./RTE/_TM4C123GH6PM
  C:/Users/SoulAndAnyaPC/AppData/Local/Arm/Packs/ARM/CMSIS/5.9.0/CMSIS/Core/Include
  C:/Users/SoulAndAnyaPC/AppData/Local/Arm/Packs/Keil/TM4C_DFP/1.1.0/Device/Include/TM4C123

<h2>Collection of Component Files used:</h2>

   * Component: ARM::CMSIS:CORE:5.6.0

   * Component: Keil::Device:Startup:1.0.1
      Source file:   Device/Source/system_TM4C123.c
      Include file:  Device/Include/TM4C123/TM4C123.h
      Source file:   Device/Source/ARM/startup_TM4C123.s
Build Time Elapsed:  00:00:00
</pre>
</body>
</html>
